1 13998873960259808869 16134958027077044128 15075909322183550749 13815169532537848652 14625654317779811048
